\BOOKMARK [2][]{Outline0.1}{Test Section}{}% 1
\BOOKMARK [3][]{Outline0.1.1.3}{Subsection}{Outline0.1}% 2
